==========================================
reduce in SECRET-SHARING : initQState |= [H(1) ; CX(1,2) ; CX(2,3) ; CX(0,1) ;
    H(0) ; H(2) ; if P(1,|0>) then skip else X(3) fi ; if P(0,|0>) then skip
    else Z(3) fi ; if P(2,|0>) then skip else Z(3) fi]P(3,qubitAt(initQState,
    0)) .
result JudgementSet: emptyJS
Bye.
