==========================================
search in SUPERDENSE-CHECK : initQState |= ((([H(0) ; CX(0,1) ; Y(0) ; CX(0,1)
    ; H(0)]prop11) /\ [H(0) ; CX(0,1) ; Z(0) ; CX(0,1) ; H(0)]prop10) /\ [H(0)
    ; CX(0,1) ; X(0) ; CX(0,1) ; H(0)]prop01) /\ [H(0) ; CX(0,1) ; CX(0,1) ; H(
    0)]prop00 =>! JS:JudgementSet such that JS:JudgementSet =/= emptyJS = true
    .
Q = (q[0]: |0>) q[1]: |0>
Q = (q[0]: |0>) q[1]: |1>
Q = (q[0]: (i .* -1) . |1>) q[1]: |1>
Q = (q[0]: |1>) q[1]: |0>
Q = (q[0]: |1>) q[1]: |0>
Q = (q[0]: (i .* -1) . |1>) q[1]: |1>
Q = (q[0]: |0>) q[1]: |1>
Q = (q[0]: |0>) q[1]: |0>
Q = (q[0]: |0>) q[1]: |1>
Q = (q[0]: (i .* -1) . |1>) q[1]: |1>
Q = (q[0]: |1>) q[1]: |0>
Q = (q[0]: |1>) q[1]: |0>
Q = (q[0]: (i .* -1) . |1>) q[1]: |1>
Q = (q[0]: |0>) q[1]: |1>
Q = (q[0]: |0>) q[1]: |0>
Q = (q[0]: (i .* -1) . |1>) q[1]: |1>
Q = (q[0]: |1>) q[1]: |0>
Q = (q[0]: |1>) q[1]: |0>
Q = (q[0]: (i .* -1) . |1>) q[1]: |1>
Q = (q[0]: |0>) q[1]: |0>
Q = (q[0]: |0>) q[1]: |0>
Q = (q[0]: |0>) q[1]: |1>
Q = (q[0]: |1>) q[1]: |0>
Q = (q[0]: |1>) q[1]: |0>
Q = (q[0]: |0>) q[1]: |1>
Q = (q[0]: |0>) q[1]: |0>
Q = (q[0]: |0>) q[1]: |0>
Q = (q[0]: |0>) q[1]: |1>
Q = (q[0]: (i .* -1) . |1>) q[1]: |1>
Q = (q[0]: (i .* -1) . |1>) q[1]: |1>
Q = (q[0]: |0>) q[1]: |1>
Q = (q[0]: |0>) q[1]: |0>
Q = (q[0]: |0>) q[1]: |0>
Q = (q[0]: |0>) q[1]: |1>
Q = (q[0]: |0>) q[1]: |1>
Q = (q[0]: |0>) q[1]: |0>
Q = (q[0]: (i .* -1) . |1>) q[1]: |1>
Q = (q[0]: |1>) q[1]: |0>
Q = (q[0]: |1>) q[1]: |0>
Q = (q[0]: (i .* -1) . |1>) q[1]: |1>
Q = (q[0]: |0>) q[1]: |0>
Q = (q[0]: (i .* -1) . |1>) q[1]: |1>
Q = (q[0]: (i .* -1) . |1>) q[1]: |1>
Q = (q[0]: |0>) q[1]: |0>
Q = (q[0]: |0>) q[1]: |1>
Q = (q[0]: |1>) q[1]: |0>
Q = (q[0]: |1>) q[1]: |0>
Q = (q[0]: |0>) q[1]: |1>
Q = (q[0]: |0>) q[1]: |0>
Q = (q[0]: |1>) q[1]: |0>
Q = (q[0]: |1>) q[1]: |0>
Q = (q[0]: |0>) q[1]: |0>
Q = (q[0]: |0>) q[1]: |1>
Q = (q[0]: (i .* -1) . |1>) q[1]: |1>
Q = (q[0]: (i .* -1) . |1>) q[1]: |1>
Q = (q[0]: |0>) q[1]: |1>
Q = (q[0]: (i .* -1) . |1>) q[1]: |1>
Q = (q[0]: |1>) q[1]: |0>
Q = (q[0]: |1>) q[1]: |0>
Q = (q[0]: (i .* -1) . |1>) q[1]: |1>
Q = (q[0]: |0>) q[1]: |1>
Q = (q[0]: |1>) q[1]: |0>
Q = (q[0]: |1>) q[1]: |0>
Q = (q[0]: |0>) q[1]: |1>
Q = (q[0]: |0>) q[1]: |1>
Q = (q[0]: (i .* -1) . |1>) q[1]: |1>
Q = (q[0]: (i .* -1) . |1>) q[1]: |1>
Q = (q[0]: |0>) q[1]: |1>
Q = (q[0]: |0>) q[1]: |0>
Q = (q[0]: |1>) q[1]: |0>
Q = (q[0]: |1>) q[1]: |0>
Q = (q[0]: |0>) q[1]: |0>
Q = (q[0]: |0>) q[1]: |0>
Q = (q[0]: (i .* -1) . |1>) q[1]: |1>
Q = (q[0]: (i .* -1) . |1>) q[1]: |1>
Q = (q[0]: |0>) q[1]: |0>
Q = (q[0]: |0>) q[1]: |0>
Q = (q[0]: |0>) q[1]: |1>
Q = (q[0]: |0>) q[1]: |1>
Q = (q[0]: |0>) q[1]: |0>

No solution.
Bye.
