==========================================
reduce in SECRET-SHARING : initQState |= [H(1) ; CX(1,2) ; CX(2,3) ; encap(
    Alice || Bob || Charlie)[c03 <: 0, c03 <: 1, c13 <: 0, c13 <: 1, c23 <: 0,
    c23 <: 1, c03 :> 0, c03 :> 1, c13 :> 0, c13 :> 1, c23 :> 0, c23 :> 1]]P(3,
    qubitAt(initQState, 0)) .
result JudgmentSet: emptyJS
Bye.
