==========================================
reduce in GATE-TELEPORT : initQState |= [H(1) ; CX(1,2) ; H(3) ; CX(3,4) ; CX(
    3,2) ; CX(0,1) ; H(0) ; CX(4,5) ; H(4) ; if P(0,|0>) then skip else Z(2) ;
    Z(3) fi ; if P(1,|0>) then skip else X(2) fi ; if P(5,|0>) then skip else
    X(2) ; X(3) fi ; if P(4,|0>) then skip else Z(3) fi](P(2,3,qubitAt(
    targetQState, 0 1)) with prob == 1) .
result JudgmentSet: emptyJS
Bye.
