==========================================
reduce in SECRET-SHARING : initQState |= [H(1) ; CX(1,2) ; CX(0,1) ; H(0) ; CX(
    2,3) ; H(2) ; ((P(1,|0>) ? with prob == 1/2) ; skip U (P(1,|1>) ? with prob
    == 1/2) ; X(3)) ; ((P(0,|0>) ? with prob == 1/2) ; skip U (P(0,|1>) ? with
    prob == 1/2) ; Z(3)) ; ((P(2,|0>) ? with prob == 1/2) ; skip U (P(2,|1>) ?
    with prob == 1/2) ; Z(3))]P(3,qubitAt(initQState, 0)) .
result JudgmentSet: emptyJS
Bye.
